// Vitest Snapshot v1, https://vitest.dev/guide/snapshot.html

exports[`computeProjectMetrics (characterization) > produces the same metrics, issues and summaries 1`] = `
{
  "complexFunctions": [
    {
      "filePath": "src/complex.ts",
      "lines": 162,
      "name": "veryLong",
    },
    {
      "filePath": "src/app/page.tsx",
      "lines": 92,
      "name": "render",
    },
    {
      "filePath": "src/complex.ts",
      "lines": 87,
      "name": "long0",
    },
    {
      "filePath": "src/complex.ts",
      "lines": 87,
      "name": "long1",
    },
    {
      "filePath": "src/complex.ts",
      "lines": 87,
      "name": "long2",
    },
    {
      "filePath": "src/complex.ts",
      "lines": 87,
      "name": "long3",
    },
    {
      "filePath": "src/complex.ts",
      "lines": 87,
      "name": "long4",
    },
    {
      "filePath": "src/complex.ts",
      "lines": 87,
      "name": "long5",
    },
    {
      "filePath": "src/complex.ts",
      "lines": 87,
      "name": "long6",
    },
    {
      "filePath": "src/complex.ts",
      "lines": 87,
      "name": "long7",
    },
    {
      "filePath": "src/complex.ts",
      "lines": 87,
      "name": "long8",
    },
    {
      "filePath": "src/complex.ts",
      "lines": 87,
      "name": "long9",
    },
    {
      "filePath": "src/complex.ts",
      "lines": 87,
      "name": "long10",
    },
    {
      "filePath": "src/complex.ts",
      "lines": 87,
      "name": "long11",
    },
  ],
  "functionCount": 24,
  "highFanOutModules": [],
  "importCycles": [],
  "issues": [
    {
      "category": "codeQuality",
      "description": "This file is unusually large and may be harder to maintain. Consider splitting responsibilities.",
      "filePath": "src/complex.ts",
      "rule": "large-file",
      "severity": "high",
      "title": "Large file (1218 lines)",
    },
    {
      "category": "codeQuality",
      "description": "This file is unusually large and may be harder to maintain. Consider splitting responsibilities.",
      "filePath": "src/huge.ts",
      "rule": "large-file",
      "severity": "high",
      "title": "Large file (850 lines)",
    },
    {
      "category": "codeQuality",
      "description": "This file is unusually large and may be harder to maintain. Consider splitting responsibilities.",
      "filePath": "src/large/large-9.ts",
      "rule": "large-file",
      "severity": "medium",
      "title": "Large file (429 lines)",
    },
    {
      "category": "codeQuality",
      "description": "This file is unusually large and may be harder to maintain. Consider splitting responsibilities.",
      "filePath": "src/large/large-8.ts",
      "rule": "large-file",
      "severity": "medium",
      "title": "Large file (428 lines)",
    },
    {
      "category": "codeQuality",
      "description": "This file is unusually large and may be harder to maintain. Consider splitting responsibilities.",
      "filePath": "src/large/large-7.ts",
      "rule": "large-file",
      "severity": "medium",
      "title": "Large file (427 lines)",
    },
    {
      "category": "codeQuality",
      "description": "This file is unusually large and may be harder to maintain. Consider splitting responsibilities.",
      "filePath": "src/large/large-6.ts",
      "rule": "large-file",
      "severity": "medium",
      "title": "Large file (426 lines)",
    },
    {
      "category": "codeQuality",
      "description": "This file is unusually large and may be harder to maintain. Consider splitting responsibilities.",
      "filePath": "src/large/large-5.ts",
      "rule": "large-file",
      "severity": "medium",
      "title": "Large file (425 lines)",
    },
    {
      "category": "codeQuality",
      "description": "This file is unusually large and may be harder to maintain. Consider splitting responsibilities.",
      "filePath": "src/large/large-4.ts",
      "rule": "large-file",
      "severity": "medium",
      "title": "Large file (424 lines)",
    },
    {
      "category": "codeQuality",
      "description": "This file is unusually large and may be harder to maintain. Consider splitting responsibilities.",
      "filePath": "src/large/large-3.ts",
      "rule": "large-file",
      "severity": "medium",
      "title": "Large file (423 lines)",
    },
    {
      "category": "codeQuality",
      "description": "This file is unusually large and may be harder to maintain. Consider splitting responsibilities.",
      "filePath": "src/large/large-2.ts",
      "rule": "large-file",
      "severity": "medium",
      "title": "Large file (422 lines)",
    },
    {
      "category": "codeQuality",
      "description": "Function appears long and may have high complexity. Consider extracting helpers.",
      "filePath": "src/complex.ts",
      "rule": "complex-function",
      "severity": "high",
      "title": "Complex function veryLong (162 lines)",
    },
    {
      "category": "codeQuality",
      "description": "Function appears long and may have high complexity. Consider extracting helpers.",
      "filePath": "src/app/page.tsx",
      "rule": "complex-function",
      "severity": "medium",
      "title": "Complex function render (92 lines)",
    },
    {
      "category": "codeQuality",
      "description": "Function appears long and may have high complexity. Consider extracting helpers.",
      "filePath": "src/complex.ts",
      "rule": "complex-function",
      "severity": "medium",
      "title": "Complex function long0 (87 lines)",
    },
    {
      "category": "codeQuality",
      "description": "Function appears long and may have high complexity. Consider extracting helpers.",
      "filePath": "src/complex.ts",
      "rule": "complex-function",
      "severity": "medium",
      "title": "Complex function long1 (87 lines)",
    },
    {
      "category": "codeQuality",
      "description": "Function appears long and may have high complexity. Consider extracting helpers.",
      "filePath": "src/complex.ts",
      "rule": "complex-function",
      "severity": "medium",
      "title": "Complex function long2 (87 lines)",
    },
    {
      "category": "codeQuality",
      "description": "Function appears long and may have high complexity. Consider extracting helpers.",
      "filePath": "src/complex.ts",
      "rule": "complex-function",
      "severity": "medium",
      "title": "Complex function long3 (87 lines)",
    },
    {
      "category": "codeQuality",
      "description": "Function appears long and may have high complexity. Consider extracting helpers.",
      "filePath": "src/complex.ts",
      "rule": "complex-function",
      "severity": "medium",
      "title": "Complex function long4 (87 lines)",
    },
    {
      "category": "codeQuality",
      "description": "Function appears long and may have high complexity. Consider extracting helpers.",
      "filePath": "src/complex.ts",
      "rule": "complex-function",
      "severity": "medium",
      "title": "Complex function long5 (87 lines)",
    },
    {
      "category": "codeQuality",
      "description": "Function appears long and may have high complexity. Consider extracting helpers.",
      "filePath": "src/complex.ts",
      "rule": "complex-function",
      "severity": "medium",
      "title": "Complex function long6 (87 lines)",
    },
    {
      "category": "codeQuality",
      "description": "Function appears long and may have high complexity. Consider extracting helpers.",
      "filePath": "src/complex.ts",
      "rule": "complex-function",
      "severity": "medium",
      "title": "Complex function long7 (87 lines)",
    },
    {
      "category": "codeQuality",
      "description": "Function appears long and may have high complexity. Consider extracting helpers.",
      "filePath": "src/complex.ts",
      "rule": "complex-function",
      "severity": "medium",
      "title": "Complex function long8 (87 lines)",
    },
    {
      "category": "codeQuality",
      "description": "Function appears long and may have high complexity. Consider extracting helpers.",
      "filePath": "src/complex.ts",
      "rule": "complex-function",
      "severity": "medium",
      "title": "Complex function long9 (87 lines)",
    },
    {
      "category": "testing",
      "description": "Only about 8% of source files appear to have nearby test files. This is a file-matching proxy, not runtime coverage.",
      "filePath": null,
      "rule": "low-test-coverage",
      "severity": "high",
      "title": "Low test file coverage signal",
    },
    {
      "category": "testing",
      "description": "No nearby test file was found for a path that looks security/payment related.",
      "filePath": "src/auth/handler-0.ts",
      "rule": "untested-critical-path",
      "severity": "high",
      "title": "Critical area may lack tests",
    },
    {
      "category": "testing",
      "description": "No nearby test file was found for a path that looks security/payment related.",
      "filePath": "src/auth/handler-1.ts",
      "rule": "untested-critical-path",
      "severity": "high",
      "title": "Critical area may lack tests",
    },
    {
      "category": "testing",
      "description": "No nearby test file was found for a path that looks security/payment related.",
      "filePath": "src/auth/handler-2.ts",
      "rule": "untested-critical-path",
      "severity": "high",
      "title": "Critical area may lack tests",
    },
    {
      "category": "testing",
      "description": "No nearby test file was found for a path that looks security/payment related.",
      "filePath": "src/auth/handler-3.ts",
      "rule": "untested-critical-path",
      "severity": "high",
      "title": "Critical area may lack tests",
    },
    {
      "category": "testing",
      "description": "No nearby test file was found for a path that looks security/payment related.",
      "filePath": "src/auth/handler-4.ts",
      "rule": "untested-critical-path",
      "severity": "high",
      "title": "Critical area may lack tests",
    },
    {
      "category": "testing",
      "description": "No nearby test file was found for a path that looks security/payment related.",
      "filePath": "src/auth/handler-5.ts",
      "rule": "untested-critical-path",
      "severity": "high",
      "title": "Critical area may lack tests",
    },
    {
      "category": "testing",
      "description": "No nearby test file was found for a path that looks security/payment related.",
      "filePath": "src/auth/handler-6.ts",
      "rule": "untested-critical-path",
      "severity": "high",
      "title": "Critical area may lack tests",
    },
    {
      "category": "testing",
      "description": "No nearby test file was found for a path that looks security/payment related.",
      "filePath": "src/auth/handler-7.ts",
      "rule": "untested-critical-path",
      "severity": "high",
      "title": "Critical area may lack tests",
    },
    {
      "category": "security",
      "description": "AWS-style access key pattern around line 1. Treat as a potential issue to review, not a confirmed vulnerability.",
      "filePath": "src/config.ts",
      "rule": "hardcoded-secret",
      "severity": "critical",
      "title": "Potential hardcoded secret",
    },
    {
      "category": "security",
      "description": "JWT-like secret literal around line 2. Treat as a potential issue to review, not a confirmed vulnerability.",
      "filePath": "src/config.ts",
      "rule": "hardcoded-secret",
      "severity": "critical",
      "title": "Potential hardcoded secret",
    },
    {
      "category": "security",
      "description": "Hardcoded API key / token assignment around line 3. Treat as a potential issue to review, not a confirmed vulnerability.",
      "filePath": "src/config.ts",
      "rule": "hardcoded-secret",
      "severity": "critical",
      "title": "Potential hardcoded secret",
    },
    {
      "category": "security",
      "description": "Hardcoded API key / token assignment around line 4. Treat as a potential issue to review, not a confirmed vulnerability.",
      "filePath": "src/config.ts",
      "rule": "hardcoded-secret",
      "severity": "critical",
      "title": "Potential hardcoded secret",
    },
    {
      "category": "security",
      "description": "Hardcoded API key / token assignment around line 5. Treat as a potential issue to review, not a confirmed vulnerability.",
      "filePath": "src/config.ts",
      "rule": "hardcoded-secret",
      "severity": "critical",
      "title": "Potential hardcoded secret",
    },
    {
      "category": "security",
      "description": "Hardcoded API key / token assignment around line 6. Treat as a potential issue to review, not a confirmed vulnerability.",
      "filePath": "src/config.ts",
      "rule": "hardcoded-secret",
      "severity": "critical",
      "title": "Potential hardcoded secret",
    },
    {
      "category": "security",
      "description": "Hardcoded API key / token assignment around line 7. Treat as a potential issue to review, not a confirmed vulnerability.",
      "filePath": "src/config.ts",
      "rule": "hardcoded-secret",
      "severity": "critical",
      "title": "Potential hardcoded secret",
    },
    {
      "category": "security",
      "description": "Hardcoded API key / token assignment around line 8. Treat as a potential issue to review, not a confirmed vulnerability.",
      "filePath": "src/config.ts",
      "rule": "hardcoded-secret",
      "severity": "critical",
      "title": "Potential hardcoded secret",
    },
    {
      "category": "security",
      "description": "Hardcoded API key / token assignment around line 9. Treat as a potential issue to review, not a confirmed vulnerability.",
      "filePath": "src/config.ts",
      "rule": "hardcoded-secret",
      "severity": "critical",
      "title": "Potential hardcoded secret",
    },
    {
      "category": "security",
      "description": "Hardcoded API key / token assignment around line 10. Treat as a potential issue to review, not a confirmed vulnerability.",
      "filePath": "src/config.ts",
      "rule": "hardcoded-secret",
      "severity": "critical",
      "title": "Potential hardcoded secret",
    },
  ],
  "largeFiles": [
    {
      "filePath": "src/complex.ts",
      "lines": 1218,
    },
    {
      "filePath": "src/huge.ts",
      "lines": 850,
    },
    {
      "filePath": "src/large/large-9.ts",
      "lines": 429,
    },
    {
      "filePath": "src/large/large-8.ts",
      "lines": 428,
    },
    {
      "filePath": "src/large/large-7.ts",
      "lines": 427,
    },
    {
      "filePath": "src/large/large-6.ts",
      "lines": 426,
    },
    {
      "filePath": "src/large/large-5.ts",
      "lines": 425,
    },
    {
      "filePath": "src/large/large-4.ts",
      "lines": 424,
    },
    {
      "filePath": "src/large/large-3.ts",
      "lines": 423,
    },
    {
      "filePath": "src/large/large-2.ts",
      "lines": 422,
    },
    {
      "filePath": "src/large/large-1.ts",
      "lines": 421,
    },
    {
      "filePath": "src/large/large-0.ts",
      "lines": 420,
    },
  ],
  "longFunctionCount": 14,
  "moduleCount": 25,
  "secretHits": [
    {
      "filePath": "src/config.ts",
      "hint": "AWS-style access key pattern",
      "line": 1,
    },
    {
      "filePath": "src/config.ts",
      "hint": "JWT-like secret literal",
      "line": 2,
    },
    {
      "filePath": "src/config.ts",
      "hint": "Hardcoded API key / token assignment",
      "line": 3,
    },
    {
      "filePath": "src/config.ts",
      "hint": "Hardcoded API key / token assignment",
      "line": 4,
    },
    {
      "filePath": "src/config.ts",
      "hint": "Hardcoded API key / token assignment",
      "line": 5,
    },
    {
      "filePath": "src/config.ts",
      "hint": "Hardcoded API key / token assignment",
      "line": 6,
    },
    {
      "filePath": "src/config.ts",
      "hint": "Hardcoded API key / token assignment",
      "line": 7,
    },
    {
      "filePath": "src/config.ts",
      "hint": "Hardcoded API key / token assignment",
      "line": 8,
    },
    {
      "filePath": "src/config.ts",
      "hint": "Hardcoded API key / token assignment",
      "line": 9,
    },
    {
      "filePath": "src/config.ts",
      "hint": "Hardcoded API key / token assignment",
      "line": 10,
    },
    {
      "filePath": "src/config.ts",
      "hint": "Hardcoded API key / token assignment",
      "line": 11,
    },
  ],
  "sourceFileCount": 25,
  "summaries": {
    "codeQuality": "14 of 24 function(s) have more than 50 lines (14 with 80+); 12 large file(s).",
    "security": "Pattern scan found 11 potential hardcoded secret hit(s).",
    "testing": "Matched test files for roughly 8% of source files (3 test files found).",
  },
  "testFileCount": 3,
  "testedSourceApproxPercent": 8,
  "untestedCriticalPaths": [
    "src/auth/handler-0.ts",
    "src/auth/handler-1.ts",
    "src/auth/handler-2.ts",
    "src/auth/handler-3.ts",
    "src/auth/handler-4.ts",
    "src/auth/handler-5.ts",
    "src/auth/handler-6.ts",
    "src/auth/handler-7.ts",
    "src/auth/handler-8.ts",
  ],
}
`;
