// Vitest Snapshot v1, https://vitest.dev/guide/snapshot.html

exports[`generateProjectReport (characterization) > scores the project and stores the report 1`] = `
{
  "categoryScores": {
    "architecture": 76,
    "codeQuality": 0,
    "security": 24,
    "testing": 9,
  },
  "healthScore": 27,
}
`;

exports[`generateProjectReport (characterization) > scores the project and stores the report 2`] = `
[
  "critical security Potential hardcoded secrets (10)",
  "high architecture Business logic in route handlers",
  "high codeQuality Large files (10)",
  "high codeQuality Complex functions (12)",
  "high testing Low test file coverage signal",
  "high testing Critical areas may lack tests (8)",
  "medium security Missing rate limit",
  "low performance N+1 query",
]
`;

exports[`generateProjectReport (characterization) > scores the project and stores the report 3`] = `
{
  "architecture": "Layers are mixed.",
  "codeQuality": "14 of 24 function(s) have more than 50 lines (14 with 80+); 12 large file(s).",
  "performance": "No hot spots.",
  "security": "Pattern scan found 11 potential hardcoded secret hit(s). Input is validated.",
  "testing": "Matched test files for roughly 8% of source files (3 test files found).",
}
`;
